// Jest Snapshot v1, https://goo.gl/fbAQLP

exports[`works 1`] = `
Object {
  "channels": Array [
    Object {
      "name": "##jellobot-test",
    },
  ],
  "commandPrefix": "!",
  "ircClientConfig": Object {
    "channels": Array [
      "##jellobot-test",
    ],
    "retryCount": 10,
  },
  "nick": "jellobot",
  "password": null,
  "plugins": Object {},
  "server": "irc.freenode.net",
  "verbose": false,
}
`;
