// Jest Snapshot v1, https://goo.gl/fbAQLP

exports[`works 1`] = `
Object {
  "plugins": Object {
    "jsEval": Object {
      "timeout": 5000,
    },
  },
  "servers": Array [
    Object {
      "channels": Array [
        Object {
          "name": "##jellobot-test",
        },
      ],
      "commandPrefix": "!",
      "ircClientConfig": Object {
        "channels": Array [
          "##jellobot-test",
        ],
        "retryCount": 10,
      },
      "nick": "jellobot",
      "password": null,
      "server": "chat.freenode.net",
    },
  ],
  "verbose": false,
}
`;
